src/app.tsx(24,3): error TS6196: 'FormUpdateEvent' is declared but never used.
src/app.tsx(27,3): error TS6196: 'FieldData' is declared but never used.
src/app.tsx(35,48): error TS2365: Operator '>' cannot be applied to types 'string' and 'number'.
src/app.tsx(35,74): error TS2367: This comparison appears to be unintentional because the types 'string' and 'number' have no overlap.
src/app.tsx(36,45): error TS2365: Operator '>' cannot be applied to types 'string' and 'number'.
src/app.tsx(36,71): error TS2367: This comparison appears to be unintentional because the types 'string' and 'number' have no overlap.
src/app.tsx(37,60): error TS2367: This comparison appears to be unintentional because the types 'string' and 'number' have no overlap.
src/app.tsx(40,32): error TS2362: The left-hand side of an arithmetic operation must be of type 'any', 'number', 'bigint' or an enum type.
src/app.tsx(44,23): error TS2345: Argument of type 'number' is not assignable to parameter of type 'string'.
src/app.tsx(555,17): error TS2345: Argument of type '{ severity: string; message: string; }' is not assignable to parameter of type 'string'.
src/app.tsx(566,21): error TS2345: Argument of type '{ severity: string; message: string; }' is not assignable to parameter of type 'string'.
src/app.tsx(569,23): error TS2345: Argument of type '{ severity: string; message: string; }' is not assignable to parameter of type 'string'.
src/app.tsx(572,23): error TS2345: Argument of type '{ severity: string; message: string; }' is not assignable to parameter of type 'string'.
src/app.tsx(577,21): error TS2345: Argument of type '{ severity: string; message: string; }' is not assignable to parameter of type 'string'.
src/app.tsx(591,23): error TS2345: Argument of type '{ severity: string; message: string; }' is not assignable to parameter of type 'string'.
src/app.tsx(599,21): error TS2345: Argument of type '{ severity: string; message: string; }' is not assignable to parameter of type 'string'.
src/app.tsx(608,23): error TS2345: Argument of type '{ severity: string; message: string; }' is not assignable to parameter of type 'string'.
src/app.tsx(624,31): error TS2345: Argument of type 'string | number | true' is not assignable to parameter of type 'string'.
  Type 'number' is not assignable to type 'string'.
src/app.tsx(642,30): error TS2345: Argument of type 'string | number | boolean | undefined' is not assignable to parameter of type 'string'.
  Type 'undefined' is not assignable to type 'string'.
src/app.tsx(643,29): error TS2345: Argument of type 'string | number | boolean | undefined' is not assignable to parameter of type 'string'.
  Type 'undefined' is not assignable to type 'string'.
src/app.tsx(671,24): error TS7053: Element implicitly has an 'any' type because expression of type 'string | number | true' can't be used to index type '{ 'Intel Core i9': string[]; 'Intel Core i7': string[]; 'Intel Core i5': string[]; 'Intel Core i3': string[]; 'Intel Atom': string[]; 'Intel U300E': string[]; }'.
  No index signature with a parameter of type 'string' was found on type '{ 'Intel Core i9': string[]; 'Intel Core i7': string[]; 'Intel Core i5': string[]; 'Intel Core i3': string[]; 'Intel Atom': string[]; 'Intel U300E': string[]; }'.
src/app.tsx(671,42): error TS2538: Type 'true' cannot be used as an index type.
src/app.tsx(739,31): error TS2345: Argument of type 'string | number | true' is not assignable to parameter of type 'string'.
  Type 'number' is not assignable to type 'string'.
src/app.tsx(744,9): error TS7053: Element implicitly has an 'any' type because expression of type '"commercial.total_budget"' can't be used to index type '{}'.
  Property 'commercial.total_budget' does not exist on type '{}'.
src/app.tsx(749,9): error TS7053: Element implicitly has an 'any' type because expression of type '"commercial.total_budget"' can't be used to index type '{}'.
  Property 'commercial.total_budget' does not exist on type '{}'.
src/app.tsx(758,27): error TS7006: Parameter 'requirements' implicitly has an 'any' type.
src/app.tsx(763,11): error TS18046: 'section' is of type 'unknown'.
src/app.tsx(783,10): error TS6133: 'artifactState' is declared but its value is never read.
src/app.tsx(806,10): error TS6133: 'debugTrace' is declared but its value is never read.
src/app.tsx(899,27): error TS7053: Element implicitly has an 'any' type because expression of type 'string' can't be used to index type '{ compute_performance: { processor_type: { type: string; label: string; options: string[]; group: string; }; ai_gpu_acceleration: { type: string; label: string; options: string[]; group: string; }; memory_capacity: { ...; }; ... 5 more ...; operating_system: { ...; }; }; io_connectivity: { ...; }; form_factor: { ......'.
  No index signature with a parameter of type 'string' was found on type '{ compute_performance: { processor_type: { type: string; label: string; options: string[]; group: string; }; ai_gpu_acceleration: { type: string; label: string; options: string[]; group: string; }; memory_capacity: { ...; }; ... 5 more ...; operating_system: { ...; }; }; io_connectivity: { ...; }; form_factor: { ......'.
src/app.tsx(907,24): error TS7053: Element implicitly has an 'any' type because expression of type 'string' can't be used to index type '{ compute_performance: { processor_type: { type: string; label: string; options: string[]; group: string; }; ai_gpu_acceleration: { type: string; label: string; options: string[]; group: string; }; memory_capacity: { ...; }; ... 5 more ...; operating_system: { ...; }; }; io_connectivity: { ...; }; form_factor: { ......'.
  No index signature with a parameter of type 'string' was found on type '{ compute_performance: { processor_type: { type: string; label: string; options: string[]; group: string; }; ai_gpu_acceleration: { type: string; label: string; options: string[]; group: string; }; memory_capacity: { ...; }; ... 5 more ...; operating_system: { ...; }; }; io_connectivity: { ...; }; form_factor: { ......'.
src/app.tsx(925,9): error TS6133: 'validateSystemMessage' is declared but its value is never read.
src/app.tsx(980,25): error TS2345: Argument of type '(prev: ChatMessage[]) => (ChatMessage | { role: "user"; content: string; timestamp: Date; })[]' is not assignable to parameter of type 'SetStateAction<ChatMessage[]>'.
  Type '(prev: ChatMessage[]) => (ChatMessage | { role: "user"; content: string; timestamp: Date; })[]' is not assignable to type '(prevState: ChatMessage[]) => ChatMessage[]'.
    Type '(ChatMessage | { role: "user"; content: string; timestamp: Date; })[]' is not assignable to type 'ChatMessage[]'.
      Type 'ChatMessage | { role: "user"; content: string; timestamp: Date; }' is not assignable to type 'ChatMessage'.
        Property 'id' is missing in type '{ role: "user"; content: string; timestamp: Date; }' but required in type 'ChatMessage'.
src/app.tsx(1010,25): error TS2345: Argument of type '(prev: ChatMessage[]) => (ChatMessage | { role: "assistant"; content: string; })[]' is not assignable to parameter of type 'SetStateAction<ChatMessage[]>'.
  Type '(prev: ChatMessage[]) => (ChatMessage | { role: "assistant"; content: string; })[]' is not assignable to type '(prevState: ChatMessage[]) => ChatMessage[]'.
    Type '(ChatMessage | { role: "assistant"; content: string; })[]' is not assignable to type 'ChatMessage[]'.
      Type 'ChatMessage | { role: "assistant"; content: string; }' is not assignable to type 'ChatMessage'.
        Type '{ role: "assistant"; content: string; }' is missing the following properties from type 'ChatMessage': id, timestamp
src/app.tsx(1120,27): error TS2345: Argument of type '(prev: ChatMessage[]) => (ChatMessage | { role: "assistant"; content: string; })[]' is not assignable to parameter of type 'SetStateAction<ChatMessage[]>'.
  Type '(prev: ChatMessage[]) => (ChatMessage | { role: "assistant"; content: string; })[]' is not assignable to type '(prevState: ChatMessage[]) => ChatMessage[]'.
    Type '(ChatMessage | { role: "assistant"; content: string; })[]' is not assignable to type 'ChatMessage[]'.
      Type 'ChatMessage | { role: "assistant"; content: string; }' is not assignable to type 'ChatMessage'.
        Type '{ role: "assistant"; content: string; }' is missing the following properties from type 'ChatMessage': id, timestamp
src/app.tsx(1222,13): error TS2304: Cannot find name 'setClarificationRequest'.
src/app.tsx(1238,31): error TS2345: Argument of type '(prev: ChatMessage[]) => (ChatMessage | { role: "assistant"; content: string | undefined; })[]' is not assignable to parameter of type 'SetStateAction<ChatMessage[]>'.
  Type '(prev: ChatMessage[]) => (ChatMessage | { role: "assistant"; content: string | undefined; })[]' is not assignable to type '(prevState: ChatMessage[]) => ChatMessage[]'.
    Type '(ChatMessage | { role: "assistant"; content: string | undefined; })[]' is not assignable to type 'ChatMessage[]'.
      Type 'ChatMessage | { role: "assistant"; content: string | undefined; }' is not assignable to type 'ChatMessage'.
        Type '{ role: "assistant"; content: string | undefined; }' is missing the following properties from type 'ChatMessage': id, timestamp
src/app.tsx(1251,27): error TS2345: Argument of type '(prev: ChatMessage[]) => (ChatMessage | { role: "assistant"; content: string; })[]' is not assignable to parameter of type 'SetStateAction<ChatMessage[]>'.
  Type '(prev: ChatMessage[]) => (ChatMessage | { role: "assistant"; content: string; })[]' is not assignable to type '(prevState: ChatMessage[]) => ChatMessage[]'.
    Type '(ChatMessage | { role: "assistant"; content: string; })[]' is not assignable to type 'ChatMessage[]'.
      Type 'ChatMessage | { role: "assistant"; content: string; }' is not assignable to type 'ChatMessage'.
        Type '{ role: "assistant"; content: string; }' is missing the following properties from type 'ChatMessage': id, timestamp
src/app.tsx(1330,27): error TS7053: Element implicitly has an 'any' type because expression of type 'any' can't be used to index type '{ commercial?: CommercialSection | undefined; io_connectivity?: IOConnectivitySection | undefined; compute_performance?: ComputePerformanceSection | undefined; form_factor?: FormFactorSection | undefined; environment_standards?: EnvironmentStandardsSection | undefined; }'.
src/app.tsx(1331,30): error TS7053: Element implicitly has an 'any' type because expression of type 'any' can't be used to index type '{ commercial?: CommercialSection | undefined; io_connectivity?: IOConnectivitySection | undefined; compute_performance?: ComputePerformanceSection | undefined; form_factor?: FormFactorSection | undefined; environment_standards?: EnvironmentStandardsSection | undefined; }'.
src/app.tsx(1369,38): error TS2322: Type 'unknown' is not assignable to type 'string | undefined'.
src/app.tsx(1379,36): error TS7006: Parameter 'update' implicitly has an 'any' type.
src/app.tsx(1398,38): error TS2322: Type 'unknown' is not assignable to type 'string | undefined'.
src/app.tsx(1404,29): error TS2345: Argument of type '(prev: ChatMessage[]) => (ChatMessage | { role: "assistant"; content: any; })[]' is not assignable to parameter of type 'SetStateAction<ChatMessage[]>'.
  Type '(prev: ChatMessage[]) => (ChatMessage | { role: "assistant"; content: any; })[]' is not assignable to type '(prevState: ChatMessage[]) => ChatMessage[]'.
    Type '(ChatMessage | { role: "assistant"; content: any; })[]' is not assignable to type 'ChatMessage[]'.
      Type 'ChatMessage | { role: "assistant"; content: any; }' is not assignable to type 'ChatMessage'.
        Type '{ role: "assistant"; content: any; }' is missing the following properties from type 'ChatMessage': id, timestamp
src/app.tsx(1411,38): error TS2322: Type 'unknown' is not assignable to type 'string | undefined'.
src/app.tsx(1453,37): error TS2353: Object literal may only specify known properties, and 'newState' does not exist in type 'MASCommunicationResult'.
src/app.tsx(1457,38): error TS2322: Type 'unknown' is not assignable to type 'string | undefined'.
src/app.tsx(1480,38): error TS2322: Type 'unknown' is not assignable to type 'string | undefined'.
src/app.tsx(1500,38): error TS2322: Type 'unknown' is not assignable to type 'string | undefined'.
src/app.tsx(1510,32): error TS2322: Type 'unknown' is not assignable to type 'string | undefined'.
src/app.tsx(1528,9): error TS7053: Element implicitly has an 'any' type because expression of type 'string' can't be used to index type '{}'.
  No index signature with a parameter of type 'string' was found on type '{}'.
src/app.tsx(1529,9): error TS7053: Element implicitly has an 'any' type because expression of type 'string' can't be used to index type '{}'.
  No index signature with a parameter of type 'string' was found on type '{}'.
src/app.tsx(1531,52): error TS6133: 'fieldDef' is declared but its value is never read.
src/app.tsx(1532,11): error TS7053: Element implicitly has an 'any' type because expression of type 'string' can't be used to index type '{}'.
  No index signature with a parameter of type 'string' was found on type '{}'.
src/app.tsx(1546,75): error TS6133: 'fields' is declared but its value is never read.
src/app.tsx(1547,13): error TS7053: Element implicitly has an 'any' type because expression of type 'string' can't be used to index type '{ compute_performance: { processing: { label: string; fields: string[]; defaultOpen: boolean; }; memory: { label: string; fields: string[]; defaultOpen: boolean; }; storage: { label: string; fields: string[]; defaultOpen: boolean; }; response_time: { ...; }; software: { ...; }; }; io_connectivity: { ...; }; form_fac...'.
  No index signature with a parameter of type 'string' was found on type '{ compute_performance: { processing: { label: string; fields: string[]; defaultOpen: boolean; }; memory: { label: string; fields: string[]; defaultOpen: boolean; }; storage: { label: string; fields: string[]; defaultOpen: boolean; }; response_time: { ...; }; software: { ...; }; }; io_connectivity: { ...; }; form_fac...'.
src/app.tsx(1548,26): error TS7053: Element implicitly has an 'any' type because expression of type 'string' can't be used to index type '{ compute_performance: { processing: { label: string; fields: string[]; defaultOpen: boolean; }; memory: { label: string; fields: string[]; defaultOpen: boolean; }; storage: { label: string; fields: string[]; defaultOpen: boolean; }; response_time: { ...; }; software: { ...; }; }; io_connectivity: { ...; }; form_fac...'.
  No index signature with a parameter of type 'string' was found on type '{ compute_performance: { processing: { label: string; fields: string[]; defaultOpen: boolean; }; memory: { label: string; fields: string[]; defaultOpen: boolean; }; storage: { label: string; fields: string[]; defaultOpen: boolean; }; response_time: { ...; }; software: { ...; }; }; io_connectivity: { ...; }; form_fac...'.
src/app.tsx(1549,13): error TS7053: Element implicitly has an 'any' type because expression of type 'string' can't be used to index type '{}'.
  No index signature with a parameter of type 'string' was found on type '{}'.
src/app.tsx(1549,50): error TS18046: 'groupDef' is of type 'unknown'.
src/app.tsx(1683,24): error TS7006: Parameter 'section' implicitly has an 'any' type.
src/app.tsx(1683,33): error TS7006: Parameter 'group' implicitly has an 'any' type.
src/app.tsx(1687,12): error TS7053: Element implicitly has an 'any' type because expression of type 'any' can't be used to index type '{}'.
src/app.tsx(1688,19): error TS7053: Element implicitly has an 'any' type because expression of type 'any' can't be used to index type '{}'.
src/app.tsx(1693,24): error TS7006: Parameter 'fieldKey' implicitly has an 'any' type.
src/app.tsx(1703,9): error TS6133: 'mapSectionToCategory' is declared but its value is never read.
src/app.tsx(1714,9): error TS6133: 'findFieldSection' is declared but its value is never read.
src/app.tsx(1716,11): error TS7053: Element implicitly has an 'any' type because expression of type 'string' can't be used to index type '{ processor_type: { type: string; label: string; options: string[]; group: string; }; ai_gpu_acceleration: { type: string; label: string; options: string[]; group: string; }; memory_capacity: { type: string; label: string; options: string[]; group: string; }; ... 5 more ...; operating_system: { ...; }; } | { ...; } ...'.
  No index signature with a parameter of type 'string' was found on type '{ processor_type: { type: string; label: string; options: string[]; group: string; }; ai_gpu_acceleration: { type: string; label: string; options: string[]; group: string; }; memory_capacity: { type: string; label: string; options: string[]; group: string; }; ... 5 more ...; operating_system: { ...; }; } | { ...; } ...'.
src/app.tsx(1766,22): error TS7053: Element implicitly has an 'any' type because expression of type 'string' can't be used to index type '{ compute_performance: { processor_type: { type: string; label: string; options: string[]; group: string; }; ai_gpu_acceleration: { type: string; label: string; options: string[]; group: string; }; memory_capacity: { ...; }; ... 5 more ...; operating_system: { ...; }; }; io_connectivity: { ...; }; form_factor: { ......'.
  No index signature with a parameter of type 'string' was found on type '{ compute_performance: { processor_type: { type: string; label: string; options: string[]; group: string; }; ai_gpu_acceleration: { type: string; label: string; options: string[]; group: string; }; memory_capacity: { ...; }; ... 5 more ...; operating_system: { ...; }; }; io_connectivity: { ...; }; form_factor: { ......'.
src/app.tsx(1779,18): error TS7053: Element implicitly has an 'any' type because expression of type '`${string}.${string}`' can't be used to index type '{}'.
src/app.tsx(1794,14): error TS7053: Element implicitly has an 'any' type because expression of type 'string' can't be used to index type '{}'.
  No index signature with a parameter of type 'string' was found on type '{}'.
src/app.tsx(1827,46): error TS6133: 'section' is declared but its value is never read.
src/app.tsx(1829,15): error TS18046: 'fieldData' is of type 'unknown'.
src/app.tsx(1829,34): error TS18046: 'fieldData' is of type 'unknown'.
src/app.tsx(1830,13): error TS7053: Element implicitly has an 'any' type because expression of type 'string' can't be used to index type '{}'.
  No index signature with a parameter of type 'string' was found on type '{}'.
src/app.tsx(1831,22): error TS18046: 'fieldData' is of type 'unknown'.
src/app.tsx(1832,25): error TS18046: 'fieldData' is of type 'unknown'.
src/app.tsx(1833,29): error TS18046: 'fieldData' is of type 'unknown'.
src/app.tsx(1849,44): error TS6133: 'section' is declared but its value is never read.
src/app.tsx(1851,9): error TS7053: Element implicitly has an 'any' type because expression of type 'string' can't be used to index type '{}'.
  No index signature with a parameter of type 'string' was found on type '{}'.
src/app.tsx(1852,18): error TS18046: 'fieldData' is of type 'unknown'.
src/app.tsx(1853,21): error TS18046: 'fieldData' is of type 'unknown'.
src/app.tsx(1854,25): error TS18046: 'fieldData' is of type 'unknown'.
src/app.tsx(1874,13): error TS18046: 'field' is of type 'unknown'.
src/app.tsx(1875,16): error TS18046: 'field' is of type 'unknown'.
src/app.tsx(1899,11): error TS7034: Variable 'missing' implicitly has type 'any[]' in some locations where its type cannot be determined.
src/app.tsx(1914,51): error TS7005: Variable 'missing' implicitly has an 'any[]' type.
src/app.tsx(1917,9): error TS6133: 'canProceedToNextStage' is declared but its value is never read.
src/app.tsx(1931,65): error TS18046: 'v' is of type 'unknown'.
src/app.tsx(1937,26): error TS7006: Parameter 'fieldKey' implicitly has an 'any' type.
src/app.tsx(1940,11): error TS7053: Element implicitly has an 'any' type because expression of type 'any' can't be used to index type '{ processor_type: { type: string; label: string; options: string[]; group: string; }; ai_gpu_acceleration: { type: string; label: string; options: string[]; group: string; }; memory_capacity: { type: string; label: string; options: string[]; group: string; }; ... 5 more ...; operating_system: { ...; }; } | { ...; } ...'.
src/app.tsx(1941,26): error TS7053: Element implicitly has an 'any' type because expression of type 'any' can't be used to index type '{ processor_type: { type: string; label: string; options: string[]; group: string; }; ai_gpu_acceleration: { type: string; label: string; options: string[]; group: string; }; memory_capacity: { type: string; label: string; options: string[]; group: string; }; ... 5 more ...; operating_system: { ...; }; } | { ...; } ...'.
src/app.tsx(1947,18): error TS7053: Element implicitly has an 'any' type because expression of type 'string' can't be used to index type '{}'.
  No index signature with a parameter of type 'string' was found on type '{}'.
src/app.tsx(1982,22): error TS7053: Element implicitly has an 'any' type because expression of type 'string' can't be used to index type '{ 'Compute Performance': string[]; 'I/O & Connectivity': string[]; 'Form Factor': string[]; 'Environment & Standards': string[]; Commercial: string[]; }'.
  No index signature with a parameter of type 'string' was found on type '{ 'Compute Performance': string[]; 'I/O & Connectivity': string[]; 'Form Factor': string[]; 'Environment & Standards': string[]; Commercial: string[]; }'.
src/app.tsx(1985,22): error TS7006: Parameter 'section' implicitly has an 'any' type.
src/app.tsx(1986,22): error TS7053: Element implicitly has an 'any' type because expression of type 'any' can't be used to index type '{ compute_performance: { processor_type: { type: string; label: string; options: string[]; group: string; }; ai_gpu_acceleration: { type: string; label: string; options: string[]; group: string; }; memory_capacity: { ...; }; ... 5 more ...; operating_system: { ...; }; }; io_connectivity: { ...; }; form_factor: { ......'.
src/app.tsx(1987,67): error TS18046: 'fieldDef' is of type 'unknown'.
src/app.tsx(1990,20): error TS18046: 'fieldDef' is of type 'unknown'.
src/app.tsx(2010,46): error TS6133: 'section' is declared but its value is never read.
src/app.tsx(2012,11): error TS7053: Element implicitly has an 'any' type because expression of type 'string' can't be used to index type '{}'.
  No index signature with a parameter of type 'string' was found on type '{}'.
src/app.tsx(2013,20): error TS18046: 'fieldData' is of type 'unknown'.
src/app.tsx(2014,23): error TS18046: 'fieldData' is of type 'unknown'.
src/app.tsx(2015,27): error TS18046: 'fieldData' is of type 'unknown'.
src/app.tsx(2032,33): error TS18046: 'error' is of type 'unknown'.
src/app.tsx(2036,9): error TS6133: 'handleChatSubmit' is declared but its value is never read.
src/app.tsx(2041,21): error TS2345: Argument of type '(prev: ChatMessage[]) => (ChatMessage | { role: "user"; content: string; })[]' is not assignable to parameter of type 'SetStateAction<ChatMessage[]>'.
  Type '(prev: ChatMessage[]) => (ChatMessage | { role: "user"; content: string; })[]' is not assignable to type '(prevState: ChatMessage[]) => ChatMessage[]'.
    Type '(ChatMessage | { role: "user"; content: string; })[]' is not assignable to type 'ChatMessage[]'.
      Type 'ChatMessage | { role: "user"; content: string; }' is not assignable to type 'ChatMessage'.
        Type '{ role: "user"; content: string; }' is missing the following properties from type 'ChatMessage': id, timestamp
src/app.tsx(2066,25): error TS2339: Property 'scrollIntoView' does not exist on type 'never'.
src/app.tsx(2071,28): error TS7006: Parameter 'e' implicitly has an 'any' type.
src/app.tsx(2080,56): error TS6133: 'section' is declared but its value is never read.
src/app.tsx(2082,25): error TS18046: 'fieldData' is of type 'unknown'.
src/app.tsx(2082,44): error TS18046: 'fieldData' is of type 'unknown'.
src/app.tsx(2083,23): error TS7053: Element implicitly has an 'any' type because expression of type 'string' can't be used to index type '{}'.
  No index signature with a parameter of type 'string' was found on type '{}'.
src/app.tsx(2084,32): error TS18046: 'fieldData' is of type 'unknown'.
src/app.tsx(2085,35): error TS18046: 'fieldData' is of type 'unknown'.
src/app.tsx(2086,39): error TS18046: 'fieldData' is of type 'unknown'.
src/app.tsx(2129,9): error TS6133: 'nextField' is declared but its value is never read.
src/app.tsx(2281,9): error TS2322: Type '(message: string) => Promise<MASCommunicationResult | undefined>' is not assignable to type '(message: string) => Promise<void>'.
  Type 'Promise<MASCommunicationResult | undefined>' is not assignable to type 'Promise<void>'.
    Type 'MASCommunicationResult | undefined' is not assignable to type 'void'.
      Type 'MASCommunicationResult' is not assignable to type 'void'.
src/app.tsx(2297,13): error TS2322: Type '(conflictId: string, action: "accept" | "reject" | "modify", newValue?: string) => Promise<void>' is not assignable to type '(conflictId: string, action: "accept" | "reject" | "modify" | "split" | "merge", newValue?: string | undefined) => Promise<void>'.
  Types of parameters 'action' and 'action' are incompatible.
    Type '"accept" | "reject" | "modify" | "split" | "merge"' is not assignable to type '"accept" | "reject" | "modify"'.
      Type '"split"' is not assignable to type '"accept" | "reject" | "modify"'.
src/app.tsx(2323,9): error TS2322: Type 'number' is not assignable to type 'string'.
src/app.tsx(2324,9): error TS2322: Type 'Dispatch<SetStateAction<number>>' is not assignable to type '(stage: string) => void'.
  Types of parameters 'value' and 'stage' are incompatible.
    Type 'string' is not assignable to type 'SetStateAction<number>'.
src/app.tsx(2350,29): error TS7031: Binding element 'activeTab' implicitly has an 'any' type.
src/app.tsx(2350,40): error TS7031: Binding element 'requirements' implicitly has an 'any' type.
src/app.tsx(2350,54): error TS7031: Binding element 'updateField' implicitly has an 'any' type.
src/app.tsx(2350,67): error TS7031: Binding element 'autofillSection' implicitly has an 'any' type.
src/app.tsx(2350,84): error TS7031: Binding element 'expandedGroups' implicitly has an 'any' type.
src/app.tsx(2350,100): error TS7031: Binding element 'toggleGroup' implicitly has an 'any' type.
src/app.tsx(2351,20): error TS7053: Element implicitly has an 'any' type because expression of type 'any' can't be used to index type '{ 'Compute Performance': string[]; 'I/O & Connectivity': string[]; 'Form Factor': string[]; 'Environment & Standards': string[]; Commercial: string[]; }'.
src/app.tsx(2389,23): error TS7006: Parameter 'section' implicitly has an 'any' type.
src/app.tsx(2390,26): error TS7053: Element implicitly has an 'any' type because expression of type 'any' can't be used to index type '{ compute_performance: { processing: { label: string; fields: string[]; defaultOpen: boolean; }; memory: { label: string; fields: string[]; defaultOpen: boolean; }; storage: { label: string; fields: string[]; defaultOpen: boolean; }; response_time: { ...; }; software: { ...; }; }; io_connectivity: { ...; }; form_fac...'.
src/app.tsx(2397,37): error TS18046: 'groupDef' is of type 'unknown'.
src/app.tsx(2397,57): error TS7006: Parameter 'fieldKey' implicitly has an 'any' type.
src/app.tsx(2399,29): error TS7053: Element implicitly has an 'any' type because expression of type 'any' can't be used to index type '{ compute_performance: { processor_type: { type: string; label: string; options: string[]; group: string; }; ai_gpu_acceleration: { type: string; label: string; options: string[]; group: string; }; memory_capacity: { ...; }; ... 5 more ...; operating_system: { ...; }; }; io_connectivity: { ...; }; form_factor: { ......'.
src/app.tsx(2401,28): error TS7006: Parameter 'f' implicitly has an 'any' type.
src/app.tsx(2403,61): error TS7006: Parameter 'f' implicitly has an 'any' type.
src/app.tsx(2418,70): error TS18046: 'groupDef' is of type 'unknown'.
src/app.tsx(2431,45): error TS7031: Binding element 'fieldKey' implicitly has an 'any' type.
src/app.tsx(2431,55): error TS7031: Binding element 'fieldDef' implicitly has an 'any' type.
src/app.tsx(2431,65): error TS7031: Binding element 'data' implicitly has an 'any' type.
src/app.tsx(2432,28): error TS2741: Property 'validation' is missing in type '{ key: any; fieldKey: any; fieldDef: any; data: any; section: any; onChange: (value: any, isAssumption: any) => any; }' but required in type '{ fieldKey: any; fieldDef: any; data: any; section: any; onChange: any; validation: any; }'.
src/app.tsx(2438,40): error TS7006: Parameter 'value' implicitly has an 'any' type.
src/app.tsx(2438,47): error TS7006: Parameter 'isAssumption' implicitly has an 'any' type.
src/app.tsx(2455,22): error TS7031: Binding element 'fieldKey' implicitly has an 'any' type.
src/app.tsx(2455,32): error TS7031: Binding element 'fieldDef' implicitly has an 'any' type.
src/app.tsx(2455,42): error TS7031: Binding element 'data' implicitly has an 'any' type.
src/app.tsx(2455,48): error TS6133: 'section' is declared but its value is never read.
src/app.tsx(2455,48): error TS7031: Binding element 'section' implicitly has an 'any' type.
src/app.tsx(2455,57): error TS7031: Binding element 'onChange' implicitly has an 'any' type.
src/app.tsx(2455,67): error TS7031: Binding element 'validation' implicitly has an 'any' type.
src/app.tsx(2465,30): error TS7006: Parameter 'newValue' implicitly has an 'any' type.
src/app.tsx(2495,35): error TS7006: Parameter 'opt' implicitly has an 'any' type.
src/app.tsx(2532,37): error TS7006: Parameter 'opt' implicitly has an 'any' type.
src/app.tsx(2700,31): error TS7031: Binding element 'requirements' implicitly has an 'any' type.
src/app.tsx(2706,45): error TS2769: No overload matches this call.
  Overload 1 of 2, '(o: { [s: string]: unknown; } | ArrayLike<unknown>): [string, unknown][]', gave the following error.
    Argument of type 'unknown' is not assignable to parameter of type '{ [s: string]: unknown; } | ArrayLike<unknown>'.
  Overload 2 of 2, '(o: {}): [string, any][]', gave the following error.
    Argument of type 'unknown' is not assignable to parameter of type '{}'.
src/app.tsx(2706,75): error TS18046: 'data' is of type 'unknown'.
src/app.tsx(2720,34): error TS7053: Element implicitly has an 'any' type because expression of type 'string' can't be used to index type '{ compute_performance: { processor_type: { type: string; label: string; options: string[]; group: string; }; ai_gpu_acceleration: { type: string; label: string; options: string[]; group: string; }; memory_capacity: { ...; }; ... 5 more ...; operating_system: { ...; }; }; io_connectivity: { ...; }; form_factor: { ......'.
  No index signature with a parameter of type 'string' was found on type '{ compute_performance: { processor_type: { type: string; label: string; options: string[]; group: string; }; ai_gpu_acceleration: { type: string; label: string; options: string[]; group: string; }; memory_capacity: { ...; }; ... 5 more ...; operating_system: { ...; }; }; io_connectivity: { ...; }; form_factor: { ......'.
src/app.tsx(2727,38): error TS18046: 'fieldData' is of type 'unknown'.
src/app.tsx(2728,27): error TS18046: 'fieldData' is of type 'unknown'.
src/app.tsx(2729,27): error TS18046: 'fieldData' is of type 'unknown'.
src/app.tsx(2730,24): error TS18046: 'fieldData' is of type 'unknown'.
src/components/ChatDebugger.tsx(1,8): error TS6133: 'React' is declared but its value is never read.
src/components/ChatDebugger.tsx(5,3): error TS7031: Binding element 'chatMessages' implicitly has an 'any' type.
src/components/ChatDebugger.tsx(6,3): error TS7031: Binding element 'setChatMessages' implicitly has an 'any' type.
src/components/ChatDebugger.tsx(7,3): error TS7031: Binding element 'sendMessageWrapper' implicitly has an 'any' type.
src/components/ChatDebugger.tsx(8,3): error TS7031: Binding element 'communicateWithMAS' implicitly has an 'any' type.
src/components/ChatDebugger.tsx(20,13): error TS2339: Property 'stateExists' does not exist on type '{}'.
src/components/ChatDebugger.tsx(28,13): error TS2339: Property 'setterExists' does not exist on type '{}'.
src/components/ChatDebugger.tsx(37,23): error TS7006: Parameter 'prev' implicitly has an 'any' type.
src/components/ChatDebugger.tsx(42,15): error TS2339: Property 'stateUpdate' does not exist on type '{}'.
src/components/ChatDebugger.tsx(48,15): error TS2339: Property 'stateUpdate' does not exist on type '{}'.
src/components/ChatDebugger.tsx(51,16): error TS18046: 'error' is of type 'unknown'.
src/components/ChatDebugger.tsx(58,15): error TS2339: Property 'messageStructure' does not exist on type '{}'.
src/components/ChatDebugger.tsx(70,13): error TS2339: Property 'sendMessageWrapper' does not exist on type '{}'.
src/components/ChatDebugger.tsx(81,17): error TS2339: Property 'sendMessageExecution' does not exist on type '{}'.
src/components/ChatDebugger.tsx(87,17): error TS2339: Property 'sendMessageExecution' does not exist on type '{}'.
src/components/ChatDebugger.tsx(90,18): error TS18046: 'error' is of type 'unknown'.
src/components/ChatDebugger.tsx(96,13): error TS2339: Property 'communicateWithMAS' does not exist on type '{}'.
src/components/ChatDebugger.tsx(109,17): error TS2339: Property 'communicateExecution' does not exist on type '{}'.
src/components/ChatDebugger.tsx(115,17): error TS2339: Property 'communicateExecution' does not exist on type '{}'.
src/components/ChatDebugger.tsx(118,18): error TS18046: 'error' is of type 'unknown'.
src/components/ChatDebugger.tsx(133,23): error TS7006: Parameter 'prev' implicitly has an 'any' type.
src/components/ChatDebugger.tsx(139,15): error TS2339: Property 'method1Update' does not exist on type '{}'.
src/components/ChatDebugger.tsx(146,15): error TS2339: Property 'method1Update' does not exist on type '{}'.
src/components/ChatDebugger.tsx(149,16): error TS18046: 'error' is of type 'unknown'.
src/components/ChatDebugger.tsx(156,13): error TS2339: Property 'consoleCheck' does not exist on type '{}'.
src/components/ChatDebugger.tsx(227,25): error TS18046: 'result' is of type 'unknown'.
src/components/ChatDebugger.tsx(227,64): error TS18046: 'result' is of type 'unknown'.
src/components/ChatDebugger.tsx(231,16): error TS18046: 'result' is of type 'unknown'.
src/components/ChatDebugger.tsx(231,47): error TS18046: 'result' is of type 'unknown'.
src/components/ChatDebugger.tsx(232,29): error TS18046: 'result' is of type 'unknown'.
src/components/ChatDebugger.tsx(234,14): error TS18046: 'result' is of type 'unknown'.
src/components/ChatDebugger.tsx(236,40): error TS18046: 'result' is of type 'unknown'.
src/components/ChatDebugger.tsx(239,14): error TS18046: 'result' is of type 'unknown'.
src/components/ChatDebugger.tsx(241,25): error TS18046: 'result' is of type 'unknown'.
src/components/ChatDebugger.tsx(244,14): error TS18046: 'result' is of type 'unknown'.
src/components/ChatDebugger.tsx(246,41): error TS18046: 'result' is of type 'unknown'.
src/components/ChatDebugger.tsx(258,54): error TS7006: Parameter 'msg' implicitly has an 'any' type.
src/components/ChatDebugger.tsx(258,59): error TS7006: Parameter 'i' implicitly has an 'any' type.
src/components/ChatWindowImproved.tsx(84,24): error TS7006: Parameter 'msg' implicitly has an 'any' type.
src/components/ChatWindowImproved.tsx(84,29): error TS7006: Parameter 'idx' implicitly has an 'any' type.
src/components/ChatWindowImproved.tsx(105,49): error TS7006: Parameter 'option' implicitly has an 'any' type.
src/components/ConflictPanel.tsx(1,8): error TS6133: 'React' is declared but its value is never read.
src/components/ConflictPanel.tsx(126,90): error TS2345: Argument of type 'string' is not assignable to parameter of type '"error" | "info" | "warning" | "critical"'.
src/components/ConflictPanel.tsx(127,34): error TS2345: Argument of type 'string' is not assignable to parameter of type '"error" | "info" | "warning" | "critical"'.
src/components/EnhancedChatWindow.tsx(53,3): error TS6133: 'currentRequirements' is declared but its value is never read.
src/legacy_isolated/ConflictDetectionService.ts(50,11): error TS6133: 'compatibilityLayer' is declared but its value is never read.
src/legacy_isolated/ConflictDetectionService.ts(159,5): error TS6133: 'fieldName' is declared but its value is never read.
src/legacy_isolated/ConflictDetectionService.ts(215,63): error TS2345: Argument of type 'UC1Specification' is not assignable to parameter of type 'string'.
src/legacy_isolated/ConflictDetectionService.ts(383,5): error TS6133: 'newValue' is declared but its value is never read.
src/legacy_isolated/ConflictDetectionService.ts(425,55): error TS6133: 'invalidValue' is declared but its value is never read.
src/services/dataServices.ts(97,45): error TS18046: 'error' is of type 'unknown'.
src/services/dataServices.ts(119,46): error TS18046: 'error' is of type 'unknown'.
src/services/dataServices.ts(147,45): error TS18046: 'error' is of type 'unknown'.
src/services/dataServices.ts(174,9): error TS7053: Element implicitly has an 'any' type because expression of type 'string' can't be used to index type '{ performance_computing: never[]; io_connectivity: never[]; power_environment: never[]; commercial: never[]; other: never[]; }'.
  No index signature with a parameter of type 'string' was found on type '{ performance_computing: never[]; io_connectivity: never[]; power_environment: never[]; commercial: never[]; other: never[]; }'.
src/services/dataServices.ts(194,47): error TS18046: 'error' is of type 'unknown'.
src/services/dataServices.ts(241,61): error TS18046: 'error' is of type 'unknown'.
src/services/dataServices.ts(337,42): error TS18046: 'error' is of type 'unknown'.
src/services/dataServices.ts(359,13): error TS6133: 'headers' is declared but its value is never read.
src/services/dataServices.ts(392,41): error TS18046: 'error' is of type 'unknown'.
src/services/dataServices.ts(413,49): error TS18047: 'item' is possibly 'null'.
src/services/dataServices.ts(745,7): error TS7053: Element implicitly has an 'any' type because expression of type 'string' can't be used to index type '{ performance_computing: never[]; io_connectivity: never[]; power_environment: never[]; commercial: never[]; other: never[]; }'.
  No index signature with a parameter of type 'string' was found on type '{ performance_computing: never[]; io_connectivity: never[]; power_environment: never[]; commercial: never[]; other: never[]; }'.
src/services/respec/__tests__/SimplifiedRespecService.test.ts(257,41): error TS7006: Parameter 'r' implicitly has an 'any' type.
src/services/respec/artifacts/ArtifactManager.ts(410,41): error TS2345: Argument of type '{ escalatedAt: Date; escalationReason: string; id: string; conflictingNodes: string[]; type: "constraint" | "dependency" | "logical" | "cross_artifact"; description: string; resolutionOptions: ConflictResolution[]; cycleCount: number; firstDetected: Date; lastUpdated: Date; }' is not assignable to parameter of type 'EscalatedConflict'.
  Types of property 'escalationReason' are incompatible.
    Type 'string' is not assignable to type '"max_cycles" | "complexity" | "user_request"'.
src/services/respec/artifacts/ArtifactManager.ts(575,36): error TS2538: Type 'undefined' cannot be used as an index type.
src/services/respec/artifacts/ArtifactManager.ts(576,33): error TS2538: Type 'undefined' cannot be used as an index type.
src/services/respec/artifacts/ArtifactManager.ts(576,63): error TS2339: Property 'getSchema' does not exist on type 'UC1ValidationEngine'.
src/services/respec/artifacts/ArtifactManager.ts(579,36): error TS2538: Type 'undefined' cannot be used as an index type.
src/services/respec/artifacts/ArtifactManager.ts(580,33): error TS2538: Type 'undefined' cannot be used as an index type.
src/services/respec/artifacts/ArtifactManager.ts(581,27): error TS2339: Property 'getSchema' does not exist on type 'UC1ValidationEngine'.
src/services/respec/artifacts/ArtifactManager.ts(586,31): error TS2538: Type 'undefined' cannot be used as an index type.
src/services/respec/artifacts/CompatibilityLayer.ts(12,10): error TS6133: 'ArtifactState' is declared but its value is never read.
src/services/respec/artifacts/CompatibilityLayer.ts(267,33): error TS6133: 'requirements' is declared but its value is never read.
src/services/respec/respec-utils.ts(234,11): error TS6133: 'nodes' is declared but its value is never read.
src/services/respec/respec-utils.ts(356,39): error TS6133: 'formState' is declared but its value is never read.
src/services/respec/respec-utils.ts(356,71): error TS6133: 'activeNodes' is declared but its value is never read.
src/services/respec/semantic/SemanticIntegrationService.ts(12,53): error TS6133: 'TechnicalExtraction' is declared but its value is never read.
src/services/respec/semantic/SemanticIntegrationService.ts(67,79): error TS2345: Argument of type '{ currentRequirements: any; chatHistory: any[]; }' is not assignable to parameter of type 'SemanticMatchingContext'.
  Property 'artifactState' is missing in type '{ currentRequirements: any; chatHistory: any[]; }' but required in type 'SemanticMatchingContext'.
src/services/respec/semantic/SemanticIntegrationService.ts(256,12): error TS7053: Element implicitly has an 'any' type because expression of type 'string' can't be used to index type '{ processor_type: string; memory_capacity: string; storage_capacity: string; max_power_consumption: string; operating_temperature: string; response_latency: string; }'.
  No index signature with a parameter of type 'string' was found on type '{ processor_type: string; memory_capacity: string; storage_capacity: string; max_power_consumption: string; operating_temperature: string; response_latency: string; }'.
src/services/respec/semantic/SemanticMatcher.ts(61,11): error TS6133: 'anthropicService' is declared but its value is never read.
src/services/respec/semantic/SemanticMatcher.ts(67,11): error TS6133: 'intentModel' is declared but its value is never read.
src/services/respec/semantic/SemanticMatcher.ts(68,11): error TS6133: 'extractionModel' is declared but its value is never read.
src/services/respec/semantic/SemanticMatcher.ts(154,11): error TS6133: 'prompt' is declared but its value is never read.
src/services/respec/semantic/SemanticMatcher.ts(200,12): error TS7053: Element implicitly has an 'any' type because expression of type 'string' can't be used to index type '{ requirement: string[]; question: string[]; clarification: string[]; other: string[]; }'.
  No index signature with a parameter of type 'string' was found on type '{ requirement: string[]; question: string[]; clarification: string[]; other: string[]; }'.
src/services/respec/semantic/SemanticMatcher.ts(207,5): error TS6133: 'context' is declared but its value is never read.
src/services/respec/semantic/SemanticMatcher.ts(383,27): error TS2339: Property 'uc1Spec' does not exist on type '{ confidence: number; }'.
src/services/respec/semantic/SemanticMatcher.ts(388,64): error TS2339: Property 'specId' does not exist on type '{ confidence: number; }'.
src/services/respec/semantic/SemanticMatcher.ts(390,74): error TS2339: Property 'specId' does not exist on type '{ confidence: number; }'.
src/services/respec/semantic/SemanticMatcher.ts(398,55): error TS6133: 'context' is declared but its value is never read.
src/services/respec/SimplifiedRespecService.ts(4,72): error TS6133: 'EnhancedChatResult' is declared but its value is never read.
src/services/respec/SimplifiedRespecService.ts(71,11): error TS6133: 'semanticIntegration' is declared but its value is never read.
src/services/respec/SimplifiedRespecService.ts(74,11): error TS6133: 'useSemanticMatching' is declared but its value is never read.
src/services/respec/SimplifiedRespecService.ts(84,11): error TS6133: 'patterns' is declared but its value is never read.
src/services/respec/SimplifiedRespecService.ts(354,42): error TS6133: 'name' is declared but its value is never read.
src/services/respec/SimplifiedRespecService.ts(455,45): error TS6133: 'currentRequirements' is declared but its value is never read.
src/services/respec/SimplifiedRespecService.ts(604,39): error TS2551: Property 'cross_artifact' does not exist on type '{ 'cross-artifact': number; logical: number; constraint: number; dependency: number; mutex: number; }'. Did you mean 'cross-artifact'?
src/services/respec/SimplifiedRespecService.ts(605,39): error TS2551: Property 'cross_artifact' does not exist on type '{ 'cross-artifact': number; logical: number; constraint: number; dependency: number; mutex: number; }'. Did you mean 'cross-artifact'?
src/services/respec/SimplifiedRespecService.ts(627,17): error TS2367: This comparison appears to be unintentional because the types '"constraint" | "dependency" | "logical" | "cross_artifact"' and '"cross-artifact"' have no overlap.
src/services/respec/SimplifiedRespecService.ts(647,23): error TS2532: Object is possibly 'undefined'.
src/services/respec/UC1ValidationEngine.ts(449,5): error TS6133: 'domains' is declared but its value is never read.
src/services/respec/UC1ValidationEngine.ts(450,5): error TS6133: 'requirements' is declared but its value is never read.
src/utils/uiUtilities.ts(98,42): error TS6133: 'fieldName' is declared but its value is never read.
